// Jest Snapshot v1, https://goo.gl/fbAQLP

exports[`renders correctly when there are no items 1`] = `
<div
  className="calPage"
>
  <div
    className="calculator"
  >
    <div
      className="calculator__wrap"
    >
      <div
        className="calculator__display"
      >
        0
      </div>
      <div
        className="calculatorUI"
      >
        <button
          onClick={[Function]}
          type="button"
          value="clear"
        >
          AC
        </button>
        <button
          onClick={[Function]}
          type="button"
          value="pos-neg"
        >
          +/-
        </button>
        <button
          onClick={[Function]}
          type="button"
          value="%"
        >
          %
        </button>
        <button
          className="btn--opaque"
          onClick={[Function]}
          type="button"
          value="/"
        >
          รท
        </button>
        <button
          onClick={[Function]}
          type="button"
          value="7"
        >
          7
        </button>
        <button
          onClick={[Function]}
          type="button"
          value="8"
        >
          8
        </button>
        <button
          onClick={[Function]}
          type="button"
          value="9"
        >
          9
        </button>
        <button
          className="btn--opaque"
          onClick={[Function]}
          type="button"
          value="x"
        >
          x
        </button>
        <button
          onClick={[Function]}
          type="button"
          value="4"
        >
          4
        </button>
        <button
          onClick={[Function]}
          type="button"
          value="5"
        >
          5
        </button>
        <button
          onClick={[Function]}
          type="button"
          value="6"
        >
          6
        </button>
        <button
          className="btn--opaque"
          onClick={[Function]}
          type="button"
          value="-"
        >
          -
        </button>
        <button
          onClick={[Function]}
          type="button"
          value="1"
        >
          1
        </button>
        <button
          onClick={[Function]}
          type="button"
          value="2"
        >
          2
        </button>
        <button
          onClick={[Function]}
          type="button"
          value="3"
        >
          3
        </button>
        <button
          className="btn--opaque"
          onClick={[Function]}
          type="button"
          value="+"
        >
          +
        </button>
        <button
          className="btn--large"
          onClick={[Function]}
          type="button"
          value="0"
        >
          0
        </button>
        <button
          onClick={[Function]}
          type="button"
          value="."
        >
          .
        </button>
        <button
          className="btn--opaque"
          onClick={[Function]}
          type="button"
          value="="
        >
          =
        </button>
      </div>
    </div>
  </div>
</div>
`;
